******************************************************************************
                  TI ARM Linker PC v5.2.9                      
******************************************************************************
>> Linked Mon Dec 21 13:52:44 2020

OUTPUT FILE NAME:   <AD7616_initial-interface.out>
ENTRY POINT SYMBOL: "_c_int00"  address: 00000cb5


MEMORY CONFIGURATION

         name            origin    length      used     unused   attr    fill
----------------------  --------  ---------  --------  --------  ----  --------
  FLASH                 00000000   00100000  0000127a  000fed86  R  X
  SRAM                  20000000   00040000  00000122  0003fede  RW X


SEGMENT ALLOCATION MAP

run origin  load origin   length   init length attrs members
----------  ----------- ---------- ----------- ----- -------
00000000    00000000    00001280   00001280    r-x
  00000000    00000000    00000200   00000200    r-- .intvecs
  00000200    00000200    00000dbe   00000dbe    r-x .text
  00000fc0    00000fc0    00000284   00000284    r-- .const
  00001248    00001248    00000038   00000038    r-- .cinit
20000000    20000000    00000122   00000000    rw-
  20000000    20000000    00000100   00000000    rw- .stack
  20000100    20000100    0000001c   00000000    rw- .data
  2000011c    2000011c    00000006   00000000    rw- .bss


SECTION ALLOCATION MAP

 output                                  attributes/
section   page    origin      length       input sections
--------  ----  ----------  ----------   ----------------
.intvecs   0    00000000    00000200     
                  00000000    00000200     startup_ccs.obj (.intvecs)

.text      0    00000200    00000dbe     
                  00000200    0000026c     AD7616_initial-interface.obj (.text:main)
                  0000046c    00000200     driverlib.lib : sysctl.obj (.text:SysCtlClockFreqSet)
                  0000066c    000001ea     uartstdio.obj (.text:UARTvprintf)
                  00000856    00000132     driverlib.lib : gpio.obj (.text:GPIOPadConfigSet)
                  00000988    0000009c     rtsv7M4_T_le_v4SPD16_eabi.lib : memcpy_t2.obj (.text)
                  00000a24    00000080     AD7616_initial-interface.obj (.text:UARTIntHandler)
                  00000aa4    0000007a     rtsv7M4_T_le_v4SPD16_eabi.lib : memset_t2.obj (.text)
                  00000b1e    00000002     startup_ccs.obj (.text:FaultISR)
                  00000b20    0000006c     rtsv7M4_T_le_v4SPD16_eabi.lib : autoinit.obj (.text)
                  00000b8c    0000006a                                   : copy_decompress_rle.obj (.text)
                  00000bf6    00000002     startup_ccs.obj (.text:IntDefaultHandler)
                  00000bf8    00000060     uartstdio.obj (.text:UARTStdioConfig)
                  00000c58    0000005c     AD7616_initial-interface.obj (.text:ConfigureUART)
                  00000cb4    00000050     rtsv7M4_T_le_v4SPD16_eabi.lib : boot.obj (.text)
                  00000d04    0000004c                                   : cpy_tbl.obj (.text)
                  00000d50    00000048     uartstdio.obj (.text:UARTwrite)
                  00000d98    00000048     driverlib.lib : sysctl.obj (.text:_SysCtlFrequencyGet)
                  00000de0    00000044     rtsv7M4_T_le_v4SPD16_eabi.lib : exit.obj (.text)
                  00000e24    00000040                                   : u_divt2.obj (.text)
                  00000e64    00000034     driverlib.lib : sysctl.obj (.text:SysCtlPeripheralEnable)
                  00000e98    0000002c     AD7616_initial-interface.obj (.text:Delay)
                  00000ec4    0000002a     driverlib.lib : gpio.obj (.text:GPIODirModeSet)
                  00000eee    00000002     startup_ccs.obj (.text:NmiSR)
                  00000ef0    00000020     driverlib.lib : sysctl.obj (.text:_SysCtlMemTimingGet)
                  00000f10    0000001a     uartstdio.obj (.text:UARTprintf)
                  00000f2a    00000018     driverlib.lib : gpio.obj (.text:GPIOPinTypeGPIOOutput)
                  00000f42    00000002     rtsv7M4_T_le_v4SPD16_eabi.lib : i_div0.obj (.text)
                  00000f44    00000018                                   : args_main.obj (.text)
                  00000f5c    00000014                                   : _lock.obj (.text)
                  00000f70    00000012     driverlib.lib : gpio.obj (.text:GPIOPinTypeGPIOInput)
                  00000f82    0000000e     rtsv7M4_T_le_v4SPD16_eabi.lib : copy_decompress_none.obj (.text:decompress:none)
                  00000f90    0000000c                                   : copy_zero_init.obj (.text:decompress:ZI)
                  00000f9c    00000006     driverlib.lib : gpio.obj (.text:GPIOPinRead)
                  00000fa2    00000006                   : gpio.obj (.text:GPIOPinWrite)
                  00000fa8    00000006     startup_ccs.obj (.text:ResetISR)
                  00000fae    00000006     driverlib.lib : sysctl.obj (.text:SysCtlDelay)
                  00000fb4    00000006     rtsv7M4_T_le_v4SPD16_eabi.lib : copy_decompress_rle.obj (.text:decompress:rle24)
                  00000fba    00000004                                   : pre_init.obj (.text)

.const     0    00000fc0    00000284     
                  00000fc0    000001b0     driverlib.lib : sysctl.obj (.const:g_pppui32XTALtoVCO)
                  00001170    0000006c                   : sysctl.obj (.const:g_pui32Xtals)
                  000011dc    00000030                   : sysctl.obj (.const:g_sXTALtoMEMTIM)
                  0000120c    0000001c     uartstdio.obj (.const)
                  00001228    00000012     uartstdio.obj (.const:.string)
                  0000123a    00000002     --HOLE-- [fill = 0]
                  0000123c    00000008     driverlib.lib : sysctl.obj (.const)

.cinit     0    00001248    00000038     
                  00001248    0000000f     (.cinit..data.load) [load image, compression = rle]
                  00001257    00000001     --HOLE-- [fill = 0]
                  00001258    0000000c     (__TI_handler_table)
                  00001264    00000004     --HOLE-- [fill = 0]
                  00001268    00000008     (.cinit..bss.load) [load image, compression = zero_init]
                  00001270    00000010     (__TI_cinit_table)

.init_array 
*          0    00000000    00000000     UNINITIALIZED

.stack     0    20000000    00000100     UNINITIALIZED
                  20000000    00000100     --HOLE--

.data      0    20000100    0000001c     UNINITIALIZED
                  20000100    00000008     rtsv7M4_T_le_v4SPD16_eabi.lib : _lock.obj (.data)
                  20000108    00000008                                   : exit.obj (.data)
                  20000110    00000005     uartstdio.obj (.data)
                  20000115    00000003     --HOLE--
                  20000118    00000004     rtsv7M4_T_le_v4SPD16_eabi.lib : stkdepth_vars.obj (.data)

.bss       0    2000011c    00000006     UNINITIALIZED
                  2000011c    00000004     (.common:g_ui32SysClock)
                  20000120    00000001     (.common:g_ui8_bits0_7)
                  20000121    00000001     (.common:g_ui8_bits8_15)

.TI.persistent 
*          0    20000100    00000000     UNINITIALIZED

.TI.noinit 
*          0    2000011c    00000000     UNINITIALIZED


LINKER GENERATED COPY TABLES

__TI_cinit_table @ 00001270 records: 2, size/record: 8, table size: 16
	.data: load addr=00001248, load size=0000000f bytes, run addr=20000100, run size=0000001c bytes, compression=rle
	.bss: load addr=00001268, load size=00000008 bytes, run addr=2000011c, run size=00000006 bytes, compression=zero_init


LINKER GENERATED HANDLER TABLE

__TI_handler_table @ 00001258 records: 3, size/record: 4, table size: 12
	index: 0, handler: __TI_decompress_rle24
	index: 1, handler: __TI_decompress_none
	index: 2, handler: __TI_zero_init


GLOBAL SYMBOLS: SORTED ALPHABETICALLY BY Name 

address   name                    
-------   ----                    
00000de1  C$$EXIT                 
00000c59  ConfigureUART           
00000e99  Delay                   
00000ec5  GPIODirModeSet          
00000857  GPIOPadConfigSet        
00000f9d  GPIOPinRead             
00000f71  GPIOPinTypeGPIOInput    
00000f2b  GPIOPinTypeGPIOOutput   
00000fa3  GPIOPinWrite            
00000fa9  ResetISR                
UNDEFED   SHT$$INIT_ARRAY$$Base   
UNDEFED   SHT$$INIT_ARRAY$$Limit  
0000046d  SysCtlClockFreqSet      
00000faf  SysCtlDelay             
00000e65  SysCtlPeripheralEnable  
00000a25  UARTIntHandler          
00000bf9  UARTStdioConfig         
00000f11  UARTprintf              
0000066d  UARTvprintf             
00000d51  UARTwrite               
20000100  __STACK_END             
00000100  __STACK_SIZE            
20000100  __STACK_TOP             
00001270  __TI_CINIT_Base         
00001280  __TI_CINIT_Limit        
00001258  __TI_Handler_Table_Base 
00001264  __TI_Handler_Table_Limit
00000b21  __TI_auto_init          
20000108  __TI_cleanup_ptr        
00000f83  __TI_decompress_none    
00000fb5  __TI_decompress_rle24   
2000010c  __TI_dtors_ptr          
00000000  __TI_static_base__      
00000f91  __TI_zero_init          
00000f43  __aeabi_idiv0           
00000aa5  __aeabi_memclr          
00000aa5  __aeabi_memclr4         
00000aa5  __aeabi_memclr8         
00000989  __aeabi_memcpy          
00000989  __aeabi_memcpy4         
00000989  __aeabi_memcpy8         
00000aa7  __aeabi_memset          
00000aa7  __aeabi_memset4         
00000aa7  __aeabi_memset8         
00000e25  __aeabi_uidiv           
00000e25  __aeabi_uidivmod        
ffffffff  __binit__               
ffffffff  __c_args__              
20000000  __stack                 
00000f45  _args_main              
00000cb5  _c_int00                
20000100  _lock                   
00000f6b  _nop                    
00000f63  _register_lock          
00000f5d  _register_unlock        
00000fbb  _system_pre_init        
20000104  _unlock                 
00000de5  abort                   
ffffffff  binit                   
00000d05  copy_in                 
00000ded  exit                    
00000000  g_pfnVectors            
2000011c  g_ui32SysClock          
00000201  main                    
20000118  main_func_sp            
00000989  memcpy                  
00000aad  memset                  


GLOBAL SYMBOLS: SORTED BY Symbol Address 

address   name                    
-------   ----                    
00000000  __TI_static_base__      
00000000  g_pfnVectors            
00000100  __STACK_SIZE            
00000201  main                    
0000046d  SysCtlClockFreqSet      
0000066d  UARTvprintf             
00000857  GPIOPadConfigSet        
00000989  __aeabi_memcpy          
00000989  __aeabi_memcpy4         
00000989  __aeabi_memcpy8         
00000989  memcpy                  
00000a25  UARTIntHandler          
00000aa5  __aeabi_memclr          
00000aa5  __aeabi_memclr4         
00000aa5  __aeabi_memclr8         
00000aa7  __aeabi_memset          
00000aa7  __aeabi_memset4         
00000aa7  __aeabi_memset8         
00000aad  memset                  
00000b21  __TI_auto_init          
00000bf9  UARTStdioConfig         
00000c59  ConfigureUART           
00000cb5  _c_int00                
00000d05  copy_in                 
00000d51  UARTwrite               
00000de1  C$$EXIT                 
00000de5  abort                   
00000ded  exit                    
00000e25  __aeabi_uidiv           
00000e25  __aeabi_uidivmod        
00000e65  SysCtlPeripheralEnable  
00000e99  Delay                   
00000ec5  GPIODirModeSet          
00000f11  UARTprintf              
00000f2b  GPIOPinTypeGPIOOutput   
00000f43  __aeabi_idiv0           
00000f45  _args_main              
00000f5d  _register_unlock        
00000f63  _register_lock          
00000f6b  _nop                    
00000f71  GPIOPinTypeGPIOInput    
00000f83  __TI_decompress_none    
00000f91  __TI_zero_init          
00000f9d  GPIOPinRead             
00000fa3  GPIOPinWrite            
00000fa9  ResetISR                
00000faf  SysCtlDelay             
00000fb5  __TI_decompress_rle24   
00000fbb  _system_pre_init        
00001258  __TI_Handler_Table_Base 
00001264  __TI_Handler_Table_Limit
00001270  __TI_CINIT_Base         
00001280  __TI_CINIT_Limit        
20000000  __stack                 
20000100  __STACK_END             
20000100  __STACK_TOP             
20000100  _lock                   
20000104  _unlock                 
20000108  __TI_cleanup_ptr        
2000010c  __TI_dtors_ptr          
20000118  main_func_sp            
2000011c  g_ui32SysClock          
ffffffff  __binit__               
ffffffff  __c_args__              
ffffffff  binit                   
UNDEFED   SHT$$INIT_ARRAY$$Base   
UNDEFED   SHT$$INIT_ARRAY$$Limit  

[67 symbols]
